2026-05-14T23:21:43.586-04:00  INFO 25808 --- [ms-cart] [main] c.m.ms_cart.ms_cart.MsCartApplication    : Starting MsCartApplication using Java 21.0.10 with PID 25808 (C:\Users\jimm1\OneDrive\Documentos\duoc\semestre 3\fullstack 1\ea2\marketplace\microservicios\ms-cart\target\classes started by jimm1 in C:\Users\jimm1\OneDrive\Documentos\duoc\semestre 3\fullstack 1\ea2\marketplace)
2026-05-14T23:21:43.587-04:00 DEBUG 25808 --- [ms-cart] [main] c.m.ms_cart.ms_cart.MsCartApplication    : Running with Spring Boot v4.0.6, Spring v7.0.7
2026-05-14T23:21:43.589-04:00  INFO 25808 --- [ms-cart] [main] c.m.ms_cart.ms_cart.MsCartApplication    : No active profile set, falling back to 1 default profile: "default"
2026-05-14T23:21:44.122-04:00  INFO 25808 --- [ms-cart] [main] .s.d.r.c.RepositoryConfigurationDelegate : Bootstrapping Spring Data JPA repositories in DEFAULT mode.
2026-05-14T23:21:44.204-04:00  INFO 25808 --- [ms-cart] [main] .s.d.r.c.RepositoryConfigurationDelegate : Finished Spring Data repository scanning in 78 ms. Found 1 JPA repository interface.
2026-05-14T23:21:44.687-04:00  INFO 25808 --- [ms-cart] [main] o.s.boot.tomcat.TomcatWebServer          : Tomcat initialized with port 8090 (http)
2026-05-14T23:21:44.707-04:00  INFO 25808 --- [ms-cart] [main] o.apache.catalina.core.StandardService   : Starting service [Tomcat]
2026-05-14T23:21:44.707-04:00  INFO 25808 --- [ms-cart] [main] o.apache.catalina.core.StandardEngine    : Starting Servlet engine: [Apache Tomcat/11.0.21]
2026-05-14T23:21:44.771-04:00  INFO 25808 --- [ms-cart] [main] b.w.c.s.WebApplicationContextInitializer : Root WebApplicationContext: initialization completed in 1150 ms
2026-05-14T23:21:44.839-04:00 DEBUG 25808 --- [ms-cart] [main] c.m.ms_cart.ms_cart.security.JwtFilter   : Filter 'jwtFilter' configured for use
2026-05-14T23:21:45.151-04:00  INFO 25808 --- [ms-cart] [main] com.zaxxer.hikari.HikariDataSource       : HikariPool-1 - Starting...
2026-05-14T23:21:45.454-04:00  INFO 25808 --- [ms-cart] [main] com.zaxxer.hikari.pool.HikariPool        : HikariPool-1 - Added connection com.mysql.cj.jdbc.ConnectionImpl@1958c0d9
2026-05-14T23:21:45.456-04:00  INFO 25808 --- [ms-cart] [main] com.zaxxer.hikari.HikariDataSource       : HikariPool-1 - Start completed.
2026-05-14T23:21:45.487-04:00  INFO 25808 --- [ms-cart] [main] org.flywaydb.core.FlywayExecutor         : Database: jdbc:mysql://localhost:3306/ms_cart?createDatabaseIfNotExist=true&serverTimezone=UTC (MySQL 8.4)
2026-05-14T23:21:45.495-04:00  WARN 25808 --- [ms-cart] [main] o.f.c.internal.database.base.Database    : Using MySQL 8.4 which is newer than the version Flyway has been verified with. The latest verified version of MySQL is 8.1.
2026-05-14T23:21:45.519-04:00  INFO 25808 --- [ms-cart] [main] o.f.c.i.s.JdbcTableSchemaHistory         : Schema history table `ms_cart`.`flyway_schema_history` does not exist yet
2026-05-14T23:21:45.521-04:00  INFO 25808 --- [ms-cart] [main] o.f.core.internal.command.DbValidate     : Successfully validated 1 migration (execution time 00:00.018s)
2026-05-14T23:21:45.532-04:00  INFO 25808 --- [ms-cart] [main] org.flywaydb.core.Flyway                 : All configured schemas are empty; baseline operation skipped. A baseline or migration script with a lower version than the baseline version may execute if available. Check the Schemas parameter if this is not intended.
2026-05-14T23:21:45.536-04:00  INFO 25808 --- [ms-cart] [main] o.f.c.i.s.JdbcTableSchemaHistory         : Creating Schema History table `ms_cart`.`flyway_schema_history` ...
2026-05-14T23:21:45.579-04:00  INFO 25808 --- [ms-cart] [main] o.f.core.internal.command.DbMigrate      : Current version of schema `ms_cart`: << Empty Schema >>
2026-05-14T23:21:45.587-04:00  INFO 25808 --- [ms-cart] [main] o.f.core.internal.command.DbMigrate      : Migrating schema `ms_cart` to version "1 - init"
2026-05-14T23:21:45.617-04:00  INFO 25808 --- [ms-cart] [main] o.f.core.internal.command.DbMigrate      : Successfully applied 1 migration to schema `ms_cart`, now at version v1 (execution time 00:00.013s)
2026-05-14T23:21:45.689-04:00  INFO 25808 --- [ms-cart] [main] org.hibernate.orm.jpa                    : HHH008540: Processing PersistenceUnitInfo [name: default]
2026-05-14T23:21:45.744-04:00  INFO 25808 --- [ms-cart] [main] org.hibernate.orm.core                   : HHH000001: Hibernate ORM core version 7.2.12.Final
2026-05-14T23:21:46.070-04:00  INFO 25808 --- [ms-cart] [main] o.s.o.j.p.SpringPersistenceUnitInfo      : No LoadTimeWeaver setup: ignoring JPA class transformer
2026-05-14T23:21:46.128-04:00  INFO 25808 --- [ms-cart] [main] org.hibernate.orm.connections.pooling    : HHH10001005: Database info:
	Database JDBC URL [jdbc:mysql://localhost:3306/ms_cart?createDatabaseIfNotExist=true&serverTimezone=UTC]
	Database driver: MySQL Connector/J
	Database dialect: MySQLDialect
	Database version: 8.4.3
	Default catalog/schema: ms_cart/undefined
	Autocommit mode: undefined/unknown
	Isolation level: REPEATABLE_READ [default REPEATABLE_READ]
	JDBC fetch size: none
	Pool: DataSourceConnectionProvider
	Minimum pool size: undefined/unknown
	Maximum pool size: undefined/unknown
2026-05-14T23:21:46.615-04:00  INFO 25808 --- [ms-cart] [main] org.hibernate.orm.core                   : HHH000489: No JTA platform available (set 'hibernate.transaction.jta.platform' to enable JTA platform integration)
2026-05-14T23:21:46.615-04:00  INFO 25808 --- [ms-cart] [main] j.LocalContainerEntityManagerFactoryBean : Initialized JPA EntityManagerFactory for persistence unit 'default'
2026-05-14T23:21:46.777-04:00  INFO 25808 --- [ms-cart] [main] o.s.d.j.r.query.QueryEnhancerFactories   : Hibernate is in classpath; If applicable, HQL parser will be used.
2026-05-14T23:21:46.888-04:00  WARN 25808 --- [ms-cart] [main] JpaBaseConfiguration$JpaWebConfiguration : spring.jpa.open-in-view is enabled by default. Therefore, database queries may be performed during view rendering. Explicitly configure spring.jpa.open-in-view to disable this warning
2026-05-14T23:21:46.924-04:00  WARN 25808 --- [ms-cart] [main] ConfigServletWebServerApplicationContext : Exception encountered during context initialization - cancelling refresh attempt: org.springframework.beans.factory.UnsatisfiedDependencyException: Error creating bean with name 'filterChain' defined in class path resource [com/marketplace/ms_cart/ms_cart/config/SecurityConfig.class]: Unsatisfied dependency expressed through method 'filterChain' parameter 0: Error creating bean with name 'org.springframework.security.config.annotation.web.configuration.HttpSecurityConfiguration': Unsatisfied dependency expressed through method 'setContentNegotiationStrategy' parameter 0: Error creating bean with name 'mvcContentNegotiationManager' defined in class path resource [org/springframework/boot/webmvc/autoconfigure/WebMvcAutoConfiguration$EnableWebMvcConfiguration.class]: Failed to instantiate [org.springframework.web.accept.ContentNegotiationManager]: Factory method 'mvcContentNegotiationManager' threw exception with message: Error creating bean with name 'jacksonJsonHttpMessageConvertersCustomizer' defined in class path resource [org/springframework/boot/http/converter/autoconfigure/JacksonHttpMessageConvertersConfiguration$JacksonJsonHttpMessageConverterConfiguration.class]: Unsatisfied dependency expressed through method 'jacksonJsonHttpMessageConvertersCustomizer' parameter 0: Error creating bean with name 'jacksonJsonMapper' defined in class path resource [org/springframework/boot/jackson/autoconfigure/JacksonAutoConfiguration.class]: Unsatisfied dependency expressed through method 'jacksonJsonMapper' parameter 0: Error creating bean with name 'jsonMapperBuilder' defined in class path resource [org/springframework/boot/jackson/autoconfigure/JacksonAutoConfiguration.class]: Unsatisfied dependency expressed through method 'jsonMapperBuilder' parameter 0: Error creating bean with name 'standardJsonMapperBuilderCustomizer' defined in class path resource [org/springframework/boot/jackson/autoconfigure/JacksonAutoConfiguration$JacksonJsonMapperBuilderCustomizerConfiguration.class]: Unsatisfied dependency expressed through method 'standardJsonMapperBuilderCustomizer' parameter 0: Error creating bean with name 'spring.jackson-org.springframework.boot.jackson.autoconfigure.JacksonProperties': Could not bind properties to 'JacksonProperties' : prefix=spring.jackson, ignoreInvalidFields=false, ignoreUnknownFields=true
2026-05-14T23:21:46.924-04:00  INFO 25808 --- [ms-cart] [main] j.LocalContainerEntityManagerFactoryBean : Closing JPA EntityManagerFactory for persistence unit 'default'
2026-05-14T23:21:46.926-04:00  INFO 25808 --- [ms-cart] [main] com.zaxxer.hikari.HikariDataSource       : HikariPool-1 - Shutdown initiated...
2026-05-14T23:21:46.929-04:00  INFO 25808 --- [ms-cart] [main] com.zaxxer.hikari.HikariDataSource       : HikariPool-1 - Shutdown completed.
2026-05-14T23:21:46.930-04:00  INFO 25808 --- [ms-cart] [main] o.apache.catalina.core.StandardService   : Stopping service [Tomcat]
2026-05-14T23:21:46.938-04:00  INFO 25808 --- [ms-cart] [main] .s.b.a.l.ConditionEvaluationReportLogger : 

Error starting ApplicationContext. To display the condition evaluation report re-run your application with 'debug' enabled.
2026-05-14T23:21:46.948-04:00 ERROR 25808 --- [ms-cart] [main] o.s.b.d.LoggingFailureAnalysisReporter   : 

***************************
APPLICATION FAILED TO START
***************************

Description:

Failed to bind properties under 'spring.jackson.serialization' to java.util.Map<tools.jackson.databind.SerializationFeature, java.lang.Boolean>:

    Reason: failed to convert java.lang.String to tools.jackson.databind.SerializationFeature (caused by java.lang.IllegalArgumentException: No enum constant tools.jackson.databind.SerializationFeature.write-dates-as-timestamps)

Action:

Update your application's configuration. The following values are valid:

    APPLY_JSON_INCLUDE_FOR_CONTAINERS
    CLOSE_CLOSEABLE
    EAGER_SERIALIZER_FETCH
    FAIL_ON_EMPTY_BEANS
    FAIL_ON_ORDER_MAP_BY_INCOMPARABLE_KEY
    FAIL_ON_SELF_REFERENCES
    FAIL_ON_UNWRAPPED_TYPE_IDENTIFIERS
    FLUSH_AFTER_WRITE_VALUE
    INDENT_OUTPUT
    ORDER_MAP_ENTRIES_BY_KEYS
    USE_EQUALITY_FOR_OBJECT_ID
    WRAP_EXCEPTIONS
    WRAP_ROOT_VALUE
    WRITE_CHAR_ARRAYS_AS_JSON_ARRAYS
    WRITE_EMPTY_JSON_ARRAYS
    WRITE_SELF_REFERENCES_AS_NULL
    WRITE_SINGLE_ELEM_ARRAYS_UNWRAPPED

2026-05-14T23:25:21.340-04:00  INFO 27920 --- [ms-cart] [main] c.m.ms_cart.ms_cart.MsCartApplication    : Starting MsCartApplication using Java 21.0.10 with PID 27920 (C:\Users\jimm1\OneDrive\Documentos\duoc\semestre 3\fullstack 1\ea2\marketplace\microservicios\ms-cart\target\classes started by jimm1 in C:\Users\jimm1\OneDrive\Documentos\duoc\semestre 3\fullstack 1\ea2\marketplace)
2026-05-14T23:25:21.342-04:00 DEBUG 27920 --- [ms-cart] [main] c.m.ms_cart.ms_cart.MsCartApplication    : Running with Spring Boot v4.0.6, Spring v7.0.7
2026-05-14T23:25:21.342-04:00  INFO 27920 --- [ms-cart] [main] c.m.ms_cart.ms_cart.MsCartApplication    : No active profile set, falling back to 1 default profile: "default"
2026-05-14T23:25:21.816-04:00  INFO 27920 --- [ms-cart] [main] .s.d.r.c.RepositoryConfigurationDelegate : Bootstrapping Spring Data JPA repositories in DEFAULT mode.
2026-05-14T23:25:21.886-04:00  INFO 27920 --- [ms-cart] [main] .s.d.r.c.RepositoryConfigurationDelegate : Finished Spring Data repository scanning in 75 ms. Found 1 JPA repository interface.
2026-05-14T23:25:22.313-04:00  INFO 27920 --- [ms-cart] [main] o.s.boot.tomcat.TomcatWebServer          : Tomcat initialized with port 8090 (http)
2026-05-14T23:25:22.326-04:00  INFO 27920 --- [ms-cart] [main] o.apache.catalina.core.StandardService   : Starting service [Tomcat]
2026-05-14T23:25:22.326-04:00  INFO 27920 --- [ms-cart] [main] o.apache.catalina.core.StandardEngine    : Starting Servlet engine: [Apache Tomcat/11.0.21]
2026-05-14T23:25:22.380-04:00  INFO 27920 --- [ms-cart] [main] b.w.c.s.WebApplicationContextInitializer : Root WebApplicationContext: initialization completed in 1007 ms
2026-05-14T23:25:22.421-04:00 DEBUG 27920 --- [ms-cart] [main] c.m.ms_cart.ms_cart.security.JwtFilter   : Filter 'jwtFilter' configured for use
2026-05-14T23:25:22.686-04:00  INFO 27920 --- [ms-cart] [main] com.zaxxer.hikari.HikariDataSource       : HikariPool-1 - Starting...
2026-05-14T23:25:22.901-04:00  INFO 27920 --- [ms-cart] [main] com.zaxxer.hikari.pool.HikariPool        : HikariPool-1 - Added connection com.mysql.cj.jdbc.ConnectionImpl@6f240187
2026-05-14T23:25:22.901-04:00  INFO 27920 --- [ms-cart] [main] com.zaxxer.hikari.HikariDataSource       : HikariPool-1 - Start completed.
2026-05-14T23:25:22.926-04:00  INFO 27920 --- [ms-cart] [main] org.flywaydb.core.FlywayExecutor         : Database: jdbc:mysql://localhost:3306/ms_cart?createDatabaseIfNotExist=true&serverTimezone=UTC (MySQL 8.4)
2026-05-14T23:25:22.941-04:00  WARN 27920 --- [ms-cart] [main] o.f.c.internal.database.base.Database    : Using MySQL 8.4 which is newer than the version Flyway has been verified with. The latest verified version of MySQL is 8.1.
2026-05-14T23:25:22.957-04:00  INFO 27920 --- [ms-cart] [main] o.f.core.internal.command.DbValidate     : Successfully validated 1 migration (execution time 00:00.015s)
2026-05-14T23:25:22.973-04:00  INFO 27920 --- [ms-cart] [main] o.f.core.internal.command.DbMigrate      : Current version of schema `ms_cart`: 1
2026-05-14T23:25:22.978-04:00  INFO 27920 --- [ms-cart] [main] o.f.core.internal.command.DbMigrate      : Schema `ms_cart` is up to date. No migration necessary.
2026-05-14T23:25:23.045-04:00  INFO 27920 --- [ms-cart] [main] org.hibernate.orm.jpa                    : HHH008540: Processing PersistenceUnitInfo [name: default]
2026-05-14T23:25:23.099-04:00  INFO 27920 --- [ms-cart] [main] org.hibernate.orm.core                   : HHH000001: Hibernate ORM core version 7.2.12.Final
2026-05-14T23:25:23.361-04:00  INFO 27920 --- [ms-cart] [main] o.s.o.j.p.SpringPersistenceUnitInfo      : No LoadTimeWeaver setup: ignoring JPA class transformer
2026-05-14T23:25:23.427-04:00  INFO 27920 --- [ms-cart] [main] org.hibernate.orm.connections.pooling    : HHH10001005: Database info:
	Database JDBC URL [jdbc:mysql://localhost:3306/ms_cart?createDatabaseIfNotExist=true&serverTimezone=UTC]
	Database driver: MySQL Connector/J
	Database dialect: MySQLDialect
	Database version: 8.4.3
	Default catalog/schema: ms_cart/undefined
	Autocommit mode: undefined/unknown
	Isolation level: REPEATABLE_READ [default REPEATABLE_READ]
	JDBC fetch size: none
	Pool: DataSourceConnectionProvider
	Minimum pool size: undefined/unknown
	Maximum pool size: undefined/unknown
2026-05-14T23:25:23.830-04:00  INFO 27920 --- [ms-cart] [main] org.hibernate.orm.core                   : HHH000489: No JTA platform available (set 'hibernate.transaction.jta.platform' to enable JTA platform integration)
2026-05-14T23:25:23.830-04:00  INFO 27920 --- [ms-cart] [main] j.LocalContainerEntityManagerFactoryBean : Initialized JPA EntityManagerFactory for persistence unit 'default'
2026-05-14T23:25:23.979-04:00  INFO 27920 --- [ms-cart] [main] o.s.d.j.r.query.QueryEnhancerFactories   : Hibernate is in classpath; If applicable, HQL parser will be used.
2026-05-14T23:25:24.098-04:00  WARN 27920 --- [ms-cart] [main] JpaBaseConfiguration$JpaWebConfiguration : spring.jpa.open-in-view is enabled by default. Therefore, database queries may be performed during view rendering. Explicitly configure spring.jpa.open-in-view to disable this warning
2026-05-14T23:25:24.101-04:00  WARN 27920 --- [ms-cart] [main] ConfigServletWebServerApplicationContext : Exception encountered during context initialization - cancelling refresh attempt: org.springframework.beans.factory.UnsatisfiedDependencyException: Error creating bean with name 'filterChain' defined in class path resource [com/marketplace/ms_cart/ms_cart/config/SecurityConfig.class]: Unsatisfied dependency expressed through method 'filterChain' parameter 0: Error creating bean with name 'org.springframework.security.config.annotation.web.configuration.HttpSecurityConfiguration': Unsatisfied dependency expressed through method 'setContentNegotiationStrategy' parameter 0: Error creating bean with name 'mvcContentNegotiationManager' defined in class path resource [org/springframework/boot/webmvc/autoconfigure/WebMvcAutoConfiguration$EnableWebMvcConfiguration.class]: Failed to instantiate [org.springframework.web.accept.ContentNegotiationManager]: Factory method 'mvcContentNegotiationManager' threw exception with message: Error creating bean with name 'jacksonJsonHttpMessageConvertersCustomizer' defined in class path resource [org/springframework/boot/http/converter/autoconfigure/JacksonHttpMessageConvertersConfiguration$JacksonJsonHttpMessageConverterConfiguration.class]: Unsatisfied dependency expressed through method 'jacksonJsonHttpMessageConvertersCustomizer' parameter 0: Error creating bean with name 'jacksonJsonMapper' defined in class path resource [org/springframework/boot/jackson/autoconfigure/JacksonAutoConfiguration.class]: Unsatisfied dependency expressed through method 'jacksonJsonMapper' parameter 0: Error creating bean with name 'jsonMapperBuilder' defined in class path resource [org/springframework/boot/jackson/autoconfigure/JacksonAutoConfiguration.class]: Unsatisfied dependency expressed through method 'jsonMapperBuilder' parameter 0: Error creating bean with name 'standardJsonMapperBuilderCustomizer' defined in class path resource [org/springframework/boot/jackson/autoconfigure/JacksonAutoConfiguration$JacksonJsonMapperBuilderCustomizerConfiguration.class]: Unsatisfied dependency expressed through method 'standardJsonMapperBuilderCustomizer' parameter 0: Error creating bean with name 'spring.jackson-org.springframework.boot.jackson.autoconfigure.JacksonProperties': Could not bind properties to 'JacksonProperties' : prefix=spring.jackson, ignoreInvalidFields=false, ignoreUnknownFields=true
2026-05-14T23:25:24.101-04:00  INFO 27920 --- [ms-cart] [main] j.LocalContainerEntityManagerFactoryBean : Closing JPA EntityManagerFactory for persistence unit 'default'
2026-05-14T23:25:24.114-04:00  INFO 27920 --- [ms-cart] [main] com.zaxxer.hikari.HikariDataSource       : HikariPool-1 - Shutdown initiated...
2026-05-14T23:25:24.118-04:00  INFO 27920 --- [ms-cart] [main] com.zaxxer.hikari.HikariDataSource       : HikariPool-1 - Shutdown completed.
2026-05-14T23:25:24.120-04:00  INFO 27920 --- [ms-cart] [main] o.apache.catalina.core.StandardService   : Stopping service [Tomcat]
2026-05-14T23:25:24.126-04:00  INFO 27920 --- [ms-cart] [main] .s.b.a.l.ConditionEvaluationReportLogger : 

Error starting ApplicationContext. To display the condition evaluation report re-run your application with 'debug' enabled.
2026-05-14T23:25:24.136-04:00 ERROR 27920 --- [ms-cart] [main] o.s.b.d.LoggingFailureAnalysisReporter   : 

***************************
APPLICATION FAILED TO START
***************************

Description:

Failed to bind properties under 'spring.jackson.serialization' to java.util.Map<tools.jackson.databind.SerializationFeature, java.lang.Boolean>:

    Reason: failed to convert java.lang.String to tools.jackson.databind.SerializationFeature (caused by java.lang.IllegalArgumentException: No enum constant tools.jackson.databind.SerializationFeature.write-dates-as-timestamps)

Action:

Update your application's configuration. The following values are valid:

    APPLY_JSON_INCLUDE_FOR_CONTAINERS
    CLOSE_CLOSEABLE
    EAGER_SERIALIZER_FETCH
    FAIL_ON_EMPTY_BEANS
    FAIL_ON_ORDER_MAP_BY_INCOMPARABLE_KEY
    FAIL_ON_SELF_REFERENCES
    FAIL_ON_UNWRAPPED_TYPE_IDENTIFIERS
    FLUSH_AFTER_WRITE_VALUE
    INDENT_OUTPUT
    ORDER_MAP_ENTRIES_BY_KEYS
    USE_EQUALITY_FOR_OBJECT_ID
    WRAP_EXCEPTIONS
    WRAP_ROOT_VALUE
    WRITE_CHAR_ARRAYS_AS_JSON_ARRAYS
    WRITE_EMPTY_JSON_ARRAYS
    WRITE_SELF_REFERENCES_AS_NULL
    WRITE_SINGLE_ELEM_ARRAYS_UNWRAPPED

